#-----------------------------------------------------------
# Vivado v2024.1 (64-bit)
# SW Build 5076996 on Wed May 22 18:37:14 MDT 2024
# IP Build 5075265 on Wed May 22 21:45:21 MDT 2024
# SharedData Build 5076995 on Wed May 22 18:29:18 MDT 2024
# Start of session at: Tue Oct 22 08:20:14 2024
# Process ID: 13328
# Current directory: C:/Users/hung/Desktop/vivaldoproject/lab1/RISC-V singlecycle
# Command line: vivado.exe -gui_launcher_event rodinguilauncherevent13492 C:\Users\hung\Desktop\vivaldoproject\lab1\RISC-V singlecycle\RISC-V singlecycle.xpr
# Log file: C:/Users/hung/Desktop/vivaldoproject/lab1/RISC-V singlecycle/vivado.log
# Journal file: C:/Users/hung/Desktop/vivaldoproject/lab1/RISC-V singlecycle\vivado.jou
# Running On        :DESKTOP-6AOQ1LF
# Platform          :Windows Server 2016 or Windows 10
# Operating System  :19045
# Processor Detail  :Intel(R) Core(TM) i7-7700HQ CPU @ 2.80GHz
# CPU Frequency     :2808 MHz
# CPU Physical cores:4
# CPU Logical cores :8
# Host memory       :17057 MB
# Swap memory       :4563 MB
# Total Virtual     :21620 MB
# Available Virtual :15075 MB
#-----------------------------------------------------------
start_gui
open_project {C:/Users/hung/Desktop/vivaldoproject/lab1/RISC-V singlecycle/RISC-V singlecycle.xpr}
update_compile_order -fileset sources_1
launch_simulation
source tb_top.tcl
close_sim
launch_simulation
source tb_top.tcl
current_wave_config {Untitled 2}
add_wave {{/tb_top/uut/PC_top}} 
current_wave_config {Untitled 2}
add_wave {{/tb_top/uut}} 
current_wave_config {Untitled 2}
add_wave {{/tb_top/uut/PC_Adder}} 
